// Jest Snapshot v1, https://goo.gl/fbAQLP

exports[`the fist test Renders Correctly 1`] = `
<form>
  <input
    defaultValue="51.5325764, -0.0578597"
    onBlur={[Function]}
    type="text"
  />
</form>
`;
