// Jest Snapshot v1, https://goo.gl/fbAQLP

exports[`Dimensions test Renders Correctly 1`] = `
<div>
  <div>
    Package Dimensions
  </div>
  <div>
    W: undefinedmm
  </div>
  <div>
    H: undefinedmm
  </div>
  <div>
    L: undefinedmm
  </div>
</div>
`;
